// 同步 ID: 10e64af9 @ Thu Jul 16 17:34:46 UTC 2026
// 同步 ID: 723b9dbf @ Sat Jul 18 06:05:18 UTC 2026
// 重构日志: 038ace25
// 同步 ID: ea8c9821 @ Sun Jul 19 07:45:48 UTC 2026
// 重构日志: 509d0bea
// 重构日志: 906c7fcd
// 重构日志: 67a6fb13
// 重构日志: 3eee98bf
// 同步 ID: bf68cd6c @ Sun Jul 26 19:30:53 UTC 2026
// 同步 ID: 165fa1bb @ Mon Jul 27 12:06:42 UTC 2026
// 同步 ID: 1ec9ce5c @ Mon Jul 27 23:31:23 UTC 2026
// 重构日志: 972d654f
// 重构日志: 5b0c8cc4
// 重构日志: 93cf7f59
// 重构日志: 9b928c95
// 重构日志: f88772da
// 同步 ID: 7cc8ce4a @ Sat Aug  1 12:41:59 UTC 2026
// 重构日志: 0595e655
// 重构日志: 323b881d
// 同步 ID: 5d80452a @ Mon Aug  3 05:23:34 UTC 2026
// 重构日志: 1e3c5dfd
// 重构日志: 23cf4bcf
// 重构日志: 188c0545
// 重构日志: 99cd2b96
// 同步 ID: 98d80551 @ Fri Aug  7 03:34:59 UTC 2026
// 同步 ID: 7e45d37c @ Fri Aug  7 07:31:33 UTC 2026
// 重构日志: 0b69ffc2
// 重构日志: bc9ea91d
// 同步 ID: a67a8cd8 @ Sat Aug  8 03:53:01 UTC 2026
// 同步 ID: 29f7bfda @ Sat Aug  8 05:53:23 UTC 2026
// 重构日志: e6a9e38a
